[    1886ms] [INFO] %cDownload the React DevTools for a better development experience: https://react.dev/link/react-devtools font-weight:bold @ webpack-internal:///(app-pages-browser)/./node_modules/next/dist/next-devtools/shared/forward-logs-shared.js:44
[    2050ms] [LOG] [HMR] connected @ webpack-internal:///(app-pages-browser)/./node_modules/next/dist/next-devtools/shared/forward-logs-shared.js:44
[    2193ms] [WARNING] Image with src "/logo.png" has either width or height modified, but not the other. If you use CSS to change the size of your image, also include the styles 'width: "auto"' or 'height: "auto"' to maintain the aspect ratio. @ webpack-internal:///(app-pages-browser)/./node_modules/next/dist/next-devtools/shared/forward-logs-shared.js:44
[    2437ms] [LOG] Polled decorations from Supabase: [Object, Object, Object, Object, Object] null @ webpack-internal:///(app-pages-browser)/./node_modules/next/dist/next-devtools/shared/forward-logs-shared.js:44
[    2444ms] [LOG] Polled decorations from Supabase: [Object, Object, Object, Object, Object] null @ webpack-internal:///(app-pages-browser)/./node_modules/next/dist/next-devtools/shared/forward-logs-shared.js:44
[    3240ms] [WARNING] The powerPreference option is currently ignored when calling requestAdapter() on Windows. See https://crbug.com/369219127 @ :0
[    4407ms] [LOG] Polled decorations from Supabase: [Object, Object, Object, Object, Object] null @ webpack-internal:///(app-pages-browser)/./node_modules/next/dist/next-devtools/shared/forward-logs-shared.js:44
[    6423ms] [LOG] Polled decorations from Supabase: [Object, Object, Object, Object, Object] null @ webpack-internal:///(app-pages-browser)/./node_modules/next/dist/next-devtools/shared/forward-logs-shared.js:44
[    8480ms] [LOG] Polled decorations from Supabase: [Object, Object, Object, Object, Object] null @ webpack-internal:///(app-pages-browser)/./node_modules/next/dist/next-devtools/shared/forward-logs-shared.js:44
[   10402ms] [LOG] Polled decorations from Supabase: [Object, Object, Object, Object, Object] null @ webpack-internal:///(app-pages-browser)/./node_modules/next/dist/next-devtools/shared/forward-logs-shared.js:44
[   12419ms] [LOG] Polled decorations from Supabase: [Object, Object, Object, Object, Object] null @ webpack-internal:///(app-pages-browser)/./node_modules/next/dist/next-devtools/shared/forward-logs-shared.js:44
[   14400ms] [LOG] Polled decorations from Supabase: [Object, Object, Object, Object, Object] null @ webpack-internal:///(app-pages-browser)/./node_modules/next/dist/next-devtools/shared/forward-logs-shared.js:44
[   16401ms] [LOG] Polled decorations from Supabase: [Object, Object, Object, Object, Object] null @ webpack-internal:///(app-pages-browser)/./node_modules/next/dist/next-devtools/shared/forward-logs-shared.js:44
[   18379ms] [LOG] Polled decorations from Supabase: [Object, Object, Object, Object, Object] null @ webpack-internal:///(app-pages-browser)/./node_modules/next/dist/next-devtools/shared/forward-logs-shared.js:44
[   20378ms] [LOG] Polled decorations from Supabase: [Object, Object, Object, Object, Object] null @ webpack-internal:///(app-pages-browser)/./node_modules/next/dist/next-devtools/shared/forward-logs-shared.js:44
[   22401ms] [LOG] Polled decorations from Supabase: [Object, Object, Object, Object, Object] null @ webpack-internal:///(app-pages-browser)/./node_modules/next/dist/next-devtools/shared/forward-logs-shared.js:44
[   24394ms] [LOG] Polled decorations from Supabase: [Object, Object, Object, Object, Object] null @ webpack-internal:///(app-pages-browser)/./node_modules/next/dist/next-devtools/shared/forward-logs-shared.js:44
[   26397ms] [LOG] Polled decorations from Supabase: [Object, Object, Object, Object, Object] null @ webpack-internal:///(app-pages-browser)/./node_modules/next/dist/next-devtools/shared/forward-logs-shared.js:44
[   28393ms] [LOG] Polled decorations from Supabase: [Object, Object, Object, Object, Object] null @ webpack-internal:///(app-pages-browser)/./node_modules/next/dist/next-devtools/shared/forward-logs-shared.js:44
[   30402ms] [LOG] Polled decorations from Supabase: [Object, Object, Object, Object, Object] null @ webpack-internal:///(app-pages-browser)/./node_modules/next/dist/next-devtools/shared/forward-logs-shared.js:44
[   32404ms] [LOG] Polled decorations from Supabase: [Object, Object, Object, Object, Object] null @ webpack-internal:///(app-pages-browser)/./node_modules/next/dist/next-devtools/shared/forward-logs-shared.js:44
[   34393ms] [LOG] Polled decorations from Supabase: [Object, Object, Object, Object, Object] null @ webpack-internal:///(app-pages-browser)/./node_modules/next/dist/next-devtools/shared/forward-logs-shared.js:44
[   35804ms] [WARNING] Image with src "/product.png" has "fill" but is missing "sizes" prop. Please add it to improve page performance. Read more: https://nextjs.org/docs/api-reference/next/image#sizes @ webpack-internal:///(app-pages-browser)/./node_modules/next/dist/next-devtools/shared/forward-logs-shared.js:44
[   36459ms] [LOG] Polled decorations from Supabase: [Object, Object, Object, Object, Object] null @ webpack-internal:///(app-pages-browser)/./node_modules/next/dist/next-devtools/shared/forward-logs-shared.js:44
[   38386ms] [LOG] Polled decorations from Supabase: [Object, Object, Object, Object, Object] null @ webpack-internal:///(app-pages-browser)/./node_modules/next/dist/next-devtools/shared/forward-logs-shared.js:44
[   40383ms] [LOG] Polled decorations from Supabase: [Object, Object, Object, Object, Object] null @ webpack-internal:///(app-pages-browser)/./node_modules/next/dist/next-devtools/shared/forward-logs-shared.js:44
[   42496ms] [LOG] Polled decorations from Supabase: [Object, Object, Object, Object, Object] null @ webpack-internal:///(app-pages-browser)/./node_modules/next/dist/next-devtools/shared/forward-logs-shared.js:44
[   44379ms] [LOG] Polled decorations from Supabase: [Object, Object, Object, Object, Object] null @ webpack-internal:///(app-pages-browser)/./node_modules/next/dist/next-devtools/shared/forward-logs-shared.js:44
[   46438ms] [LOG] Polled decorations from Supabase: [Object, Object, Object, Object, Object] null @ webpack-internal:///(app-pages-browser)/./node_modules/next/dist/next-devtools/shared/forward-logs-shared.js:44
[   48474ms] [LOG] Polled decorations from Supabase: [Object, Object, Object, Object, Object] null @ webpack-internal:///(app-pages-browser)/./node_modules/next/dist/next-devtools/shared/forward-logs-shared.js:44
[   50386ms] [LOG] Polled decorations from Supabase: [Object, Object, Object, Object, Object] null @ webpack-internal:///(app-pages-browser)/./node_modules/next/dist/next-devtools/shared/forward-logs-shared.js:44
[   52484ms] [LOG] Polled decorations from Supabase: [Object, Object, Object, Object, Object] null @ webpack-internal:///(app-pages-browser)/./node_modules/next/dist/next-devtools/shared/forward-logs-shared.js:44
[   54369ms] [LOG] Polled decorations from Supabase: [Object, Object, Object, Object, Object] null @ webpack-internal:///(app-pages-browser)/./node_modules/next/dist/next-devtools/shared/forward-logs-shared.js:44
[   56370ms] [LOG] Polled decorations from Supabase: [Object, Object, Object, Object, Object] null @ webpack-internal:///(app-pages-browser)/./node_modules/next/dist/next-devtools/shared/forward-logs-shared.js:44
[   59260ms] [LOG] Polled decorations from Supabase: [Object, Object, Object, Object, Object] null @ webpack-internal:///(app-pages-browser)/./node_modules/next/dist/next-devtools/shared/forward-logs-shared.js:44
[   60399ms] [LOG] Polled decorations from Supabase: [Object, Object, Object, Object, Object] null @ webpack-internal:///(app-pages-browser)/./node_modules/next/dist/next-devtools/shared/forward-logs-shared.js:44
[   62388ms] [LOG] Polled decorations from Supabase: [Object, Object, Object, Object, Object] null @ webpack-internal:///(app-pages-browser)/./node_modules/next/dist/next-devtools/shared/forward-logs-shared.js:44
[   64401ms] [LOG] Polled decorations from Supabase: [Object, Object, Object, Object, Object] null @ webpack-internal:///(app-pages-browser)/./node_modules/next/dist/next-devtools/shared/forward-logs-shared.js:44
[   66393ms] [LOG] Polled decorations from Supabase: [Object, Object, Object, Object, Object] null @ webpack-internal:///(app-pages-browser)/./node_modules/next/dist/next-devtools/shared/forward-logs-shared.js:44
[   68390ms] [LOG] Polled decorations from Supabase: [Object, Object, Object, Object, Object] null @ webpack-internal:///(app-pages-browser)/./node_modules/next/dist/next-devtools/shared/forward-logs-shared.js:44
[   70376ms] [LOG] Polled decorations from Supabase: [Object, Object, Object, Object, Object] null @ webpack-internal:///(app-pages-browser)/./node_modules/next/dist/next-devtools/shared/forward-logs-shared.js:44
[   72409ms] [LOG] Polled decorations from Supabase: [Object, Object, Object, Object, Object] null @ webpack-internal:///(app-pages-browser)/./node_modules/next/dist/next-devtools/shared/forward-logs-shared.js:44
[   74376ms] [LOG] Polled decorations from Supabase: [Object, Object, Object, Object, Object] null @ webpack-internal:///(app-pages-browser)/./node_modules/next/dist/next-devtools/shared/forward-logs-shared.js:44
[   76381ms] [LOG] Polled decorations from Supabase: [Object, Object, Object, Object, Object] null @ webpack-internal:///(app-pages-browser)/./node_modules/next/dist/next-devtools/shared/forward-logs-shared.js:44
[   78371ms] [LOG] Polled decorations from Supabase: [Object, Object, Object, Object, Object] null @ webpack-internal:///(app-pages-browser)/./node_modules/next/dist/next-devtools/shared/forward-logs-shared.js:44
[   80394ms] [LOG] Polled decorations from Supabase: [Object, Object, Object, Object, Object] null @ webpack-internal:///(app-pages-browser)/./node_modules/next/dist/next-devtools/shared/forward-logs-shared.js:44
[   82383ms] [LOG] Polled decorations from Supabase: [Object, Object, Object, Object, Object] null @ webpack-internal:///(app-pages-browser)/./node_modules/next/dist/next-devtools/shared/forward-logs-shared.js:44
[   84384ms] [LOG] Polled decorations from Supabase: [Object, Object, Object, Object, Object] null @ webpack-internal:///(app-pages-browser)/./node_modules/next/dist/next-devtools/shared/forward-logs-shared.js:44
[   86416ms] [LOG] Polled decorations from Supabase: [Object, Object, Object, Object, Object] null @ webpack-internal:///(app-pages-browser)/./node_modules/next/dist/next-devtools/shared/forward-logs-shared.js:44
[   88410ms] [LOG] Polled decorations from Supabase: [Object, Object, Object, Object, Object] null @ webpack-internal:///(app-pages-browser)/./node_modules/next/dist/next-devtools/shared/forward-logs-shared.js:44
[   90408ms] [LOG] Polled decorations from Supabase: [Object, Object, Object, Object, Object] null @ webpack-internal:///(app-pages-browser)/./node_modules/next/dist/next-devtools/shared/forward-logs-shared.js:44
[   92462ms] [LOG] Polled decorations from Supabase: [Object, Object, Object, Object, Object] null @ webpack-internal:///(app-pages-browser)/./node_modules/next/dist/next-devtools/shared/forward-logs-shared.js:44
[   94449ms] [LOG] Polled decorations from Supabase: [Object, Object, Object, Object, Object] null @ webpack-internal:///(app-pages-browser)/./node_modules/next/dist/next-devtools/shared/forward-logs-shared.js:44
[   96423ms] [LOG] Polled decorations from Supabase: [Object, Object, Object, Object, Object] null @ webpack-internal:///(app-pages-browser)/./node_modules/next/dist/next-devtools/shared/forward-logs-shared.js:44
[   98377ms] [LOG] Polled decorations from Supabase: [Object, Object, Object, Object, Object] null @ webpack-internal:///(app-pages-browser)/./node_modules/next/dist/next-devtools/shared/forward-logs-shared.js:44
[  100385ms] [LOG] Polled decorations from Supabase: [Object, Object, Object, Object, Object] null @ webpack-internal:///(app-pages-browser)/./node_modules/next/dist/next-devtools/shared/forward-logs-shared.js:44
[  102398ms] [LOG] Polled decorations from Supabase: [Object, Object, Object, Object, Object] null @ webpack-internal:///(app-pages-browser)/./node_modules/next/dist/next-devtools/shared/forward-logs-shared.js:44
[  104391ms] [LOG] Polled decorations from Supabase: [Object, Object, Object, Object, Object] null @ webpack-internal:///(app-pages-browser)/./node_modules/next/dist/next-devtools/shared/forward-logs-shared.js:44
[  106379ms] [LOG] Polled decorations from Supabase: [Object, Object, Object, Object, Object] null @ webpack-internal:///(app-pages-browser)/./node_modules/next/dist/next-devtools/shared/forward-logs-shared.js:44
[  108415ms] [LOG] Polled decorations from Supabase: [Object, Object, Object, Object, Object] null @ webpack-internal:///(app-pages-browser)/./node_modules/next/dist/next-devtools/shared/forward-logs-shared.js:44
[  110454ms] [LOG] Polled decorations from Supabase: [Object, Object, Object, Object, Object] null @ webpack-internal:///(app-pages-browser)/./node_modules/next/dist/next-devtools/shared/forward-logs-shared.js:44
[  112421ms] [LOG] Polled decorations from Supabase: [Object, Object, Object, Object, Object] null @ webpack-internal:///(app-pages-browser)/./node_modules/next/dist/next-devtools/shared/forward-logs-shared.js:44
[  114437ms] [LOG] Polled decorations from Supabase: [Object, Object, Object, Object, Object] null @ webpack-internal:///(app-pages-browser)/./node_modules/next/dist/next-devtools/shared/forward-logs-shared.js:44
[  116374ms] [LOG] Polled decorations from Supabase: [Object, Object, Object, Object, Object] null @ webpack-internal:///(app-pages-browser)/./node_modules/next/dist/next-devtools/shared/forward-logs-shared.js:44
[  118441ms] [LOG] Polled decorations from Supabase: [Object, Object, Object, Object, Object] null @ webpack-internal:///(app-pages-browser)/./node_modules/next/dist/next-devtools/shared/forward-logs-shared.js:44
[  120369ms] [LOG] Polled decorations from Supabase: [Object, Object, Object, Object, Object] null @ webpack-internal:///(app-pages-browser)/./node_modules/next/dist/next-devtools/shared/forward-logs-shared.js:44
[  122389ms] [LOG] Polled decorations from Supabase: [Object, Object, Object, Object, Object] null @ webpack-internal:///(app-pages-browser)/./node_modules/next/dist/next-devtools/shared/forward-logs-shared.js:44
[  124394ms] [LOG] Polled decorations from Supabase: [Object, Object, Object, Object, Object] null @ webpack-internal:///(app-pages-browser)/./node_modules/next/dist/next-devtools/shared/forward-logs-shared.js:44
[  126392ms] [LOG] Polled decorations from Supabase: [Object, Object, Object, Object, Object] null @ webpack-internal:///(app-pages-browser)/./node_modules/next/dist/next-devtools/shared/forward-logs-shared.js:44
[  128389ms] [LOG] Polled decorations from Supabase: [Object, Object, Object, Object, Object] null @ webpack-internal:///(app-pages-browser)/./node_modules/next/dist/next-devtools/shared/forward-logs-shared.js:44
[  130431ms] [LOG] Polled decorations from Supabase: [Object, Object, Object, Object, Object] null @ webpack-internal:///(app-pages-browser)/./node_modules/next/dist/next-devtools/shared/forward-logs-shared.js:44
[  132391ms] [LOG] Polled decorations from Supabase: [Object, Object, Object, Object, Object] null @ webpack-internal:///(app-pages-browser)/./node_modules/next/dist/next-devtools/shared/forward-logs-shared.js:44
[  134359ms] [LOG] Polled decorations from Supabase: [Object, Object, Object, Object, Object] null @ webpack-internal:///(app-pages-browser)/./node_modules/next/dist/next-devtools/shared/forward-logs-shared.js:44
[  136395ms] [LOG] Polled decorations from Supabase: [Object, Object, Object, Object, Object] null @ webpack-internal:///(app-pages-browser)/./node_modules/next/dist/next-devtools/shared/forward-logs-shared.js:44
[  138385ms] [LOG] Polled decorations from Supabase: [Object, Object, Object, Object, Object] null @ webpack-internal:///(app-pages-browser)/./node_modules/next/dist/next-devtools/shared/forward-logs-shared.js:44
[  140462ms] [LOG] Polled decorations from Supabase: [Object, Object, Object, Object, Object] null @ webpack-internal:///(app-pages-browser)/./node_modules/next/dist/next-devtools/shared/forward-logs-shared.js:44
[  142392ms] [LOG] Polled decorations from Supabase: [Object, Object, Object, Object, Object] null @ webpack-internal:///(app-pages-browser)/./node_modules/next/dist/next-devtools/shared/forward-logs-shared.js:44
[  144370ms] [LOG] Polled decorations from Supabase: [Object, Object, Object, Object, Object] null @ webpack-internal:///(app-pages-browser)/./node_modules/next/dist/next-devtools/shared/forward-logs-shared.js:44
[  146380ms] [LOG] Polled decorations from Supabase: [Object, Object, Object, Object, Object] null @ webpack-internal:///(app-pages-browser)/./node_modules/next/dist/next-devtools/shared/forward-logs-shared.js:44
[  148424ms] [LOG] Polled decorations from Supabase: [Object, Object, Object, Object, Object] null @ webpack-internal:///(app-pages-browser)/./node_modules/next/dist/next-devtools/shared/forward-logs-shared.js:44
[  150453ms] [LOG] Polled decorations from Supabase: [Object, Object, Object, Object, Object] null @ webpack-internal:///(app-pages-browser)/./node_modules/next/dist/next-devtools/shared/forward-logs-shared.js:44
[  152377ms] [LOG] Polled decorations from Supabase: [Object, Object, Object, Object, Object] null @ webpack-internal:///(app-pages-browser)/./node_modules/next/dist/next-devtools/shared/forward-logs-shared.js:44
[  154606ms] [LOG] Polled decorations from Supabase: [Object, Object, Object, Object, Object] null @ webpack-internal:///(app-pages-browser)/./node_modules/next/dist/next-devtools/shared/forward-logs-shared.js:44
[  156493ms] [LOG] Polled decorations from Supabase: [Object, Object, Object, Object, Object] null @ webpack-internal:///(app-pages-browser)/./node_modules/next/dist/next-devtools/shared/forward-logs-shared.js:44
[  158366ms] [LOG] Polled decorations from Supabase: [Object, Object, Object, Object, Object] null @ webpack-internal:///(app-pages-browser)/./node_modules/next/dist/next-devtools/shared/forward-logs-shared.js:44
[  160365ms] [LOG] Polled decorations from Supabase: [Object, Object, Object, Object, Object] null @ webpack-internal:///(app-pages-browser)/./node_modules/next/dist/next-devtools/shared/forward-logs-shared.js:44
[  162401ms] [LOG] Polled decorations from Supabase: [Object, Object, Object, Object, Object] null @ webpack-internal:///(app-pages-browser)/./node_modules/next/dist/next-devtools/shared/forward-logs-shared.js:44
[  164365ms] [LOG] Polled decorations from Supabase: [Object, Object, Object, Object, Object] null @ webpack-internal:///(app-pages-browser)/./node_modules/next/dist/next-devtools/shared/forward-logs-shared.js:44
[  166390ms] [LOG] Polled decorations from Supabase: [Object, Object, Object, Object, Object] null @ webpack-internal:///(app-pages-browser)/./node_modules/next/dist/next-devtools/shared/forward-logs-shared.js:44
[  168395ms] [LOG] Polled decorations from Supabase: [Object, Object, Object, Object, Object] null @ webpack-internal:///(app-pages-browser)/./node_modules/next/dist/next-devtools/shared/forward-logs-shared.js:44
[  170422ms] [LOG] Polled decorations from Supabase: [Object, Object, Object, Object, Object] null @ webpack-internal:///(app-pages-browser)/./node_modules/next/dist/next-devtools/shared/forward-logs-shared.js:44
[  172452ms] [LOG] Polled decorations from Supabase: [Object, Object, Object, Object, Object] null @ webpack-internal:///(app-pages-browser)/./node_modules/next/dist/next-devtools/shared/forward-logs-shared.js:44
[  174385ms] [LOG] Polled decorations from Supabase: [Object, Object, Object, Object, Object] null @ webpack-internal:///(app-pages-browser)/./node_modules/next/dist/next-devtools/shared/forward-logs-shared.js:44
[  176388ms] [LOG] Polled decorations from Supabase: [Object, Object, Object, Object, Object] null @ webpack-internal:///(app-pages-browser)/./node_modules/next/dist/next-devtools/shared/forward-logs-shared.js:44
[  178404ms] [LOG] Polled decorations from Supabase: [Object, Object, Object, Object, Object] null @ webpack-internal:///(app-pages-browser)/./node_modules/next/dist/next-devtools/shared/forward-logs-shared.js:44
[  180377ms] [LOG] Polled decorations from Supabase: [Object, Object, Object, Object, Object] null @ webpack-internal:///(app-pages-browser)/./node_modules/next/dist/next-devtools/shared/forward-logs-shared.js:44
[  182391ms] [LOG] Polled decorations from Supabase: [Object, Object, Object, Object, Object] null @ webpack-internal:///(app-pages-browser)/./node_modules/next/dist/next-devtools/shared/forward-logs-shared.js:44
[  184399ms] [LOG] Polled decorations from Supabase: [Object, Object, Object, Object, Object] null @ webpack-internal:///(app-pages-browser)/./node_modules/next/dist/next-devtools/shared/forward-logs-shared.js:44
[  186405ms] [LOG] Polled decorations from Supabase: [Object, Object, Object, Object, Object] null @ webpack-internal:///(app-pages-browser)/./node_modules/next/dist/next-devtools/shared/forward-logs-shared.js:44
[  188424ms] [LOG] Polled decorations from Supabase: [Object, Object, Object, Object, Object] null @ webpack-internal:///(app-pages-browser)/./node_modules/next/dist/next-devtools/shared/forward-logs-shared.js:44
[  190417ms] [LOG] Polled decorations from Supabase: [Object, Object, Object, Object, Object] null @ webpack-internal:///(app-pages-browser)/./node_modules/next/dist/next-devtools/shared/forward-logs-shared.js:44
[  192373ms] [LOG] Polled decorations from Supabase: [Object, Object, Object, Object, Object] null @ webpack-internal:///(app-pages-browser)/./node_modules/next/dist/next-devtools/shared/forward-logs-shared.js:44
[  194375ms] [LOG] Polled decorations from Supabase: [Object, Object, Object, Object, Object] null @ webpack-internal:///(app-pages-browser)/./node_modules/next/dist/next-devtools/shared/forward-logs-shared.js:44
[  196498ms] [LOG] Polled decorations from Supabase: [Object, Object, Object, Object, Object] null @ webpack-internal:///(app-pages-browser)/./node_modules/next/dist/next-devtools/shared/forward-logs-shared.js:44
[  198407ms] [LOG] Polled decorations from Supabase: [Object, Object, Object, Object, Object] null @ webpack-internal:///(app-pages-browser)/./node_modules/next/dist/next-devtools/shared/forward-logs-shared.js:44
[  200373ms] [LOG] Polled decorations from Supabase: [Object, Object, Object, Object, Object] null @ webpack-internal:///(app-pages-browser)/./node_modules/next/dist/next-devtools/shared/forward-logs-shared.js:44
[  202394ms] [LOG] Polled decorations from Supabase: [Object, Object, Object, Object, Object] null @ webpack-internal:///(app-pages-browser)/./node_modules/next/dist/next-devtools/shared/forward-logs-shared.js:44
[  204370ms] [LOG] Polled decorations from Supabase: [Object, Object, Object, Object, Object] null @ webpack-internal:///(app-pages-browser)/./node_modules/next/dist/next-devtools/shared/forward-logs-shared.js:44
[  206405ms] [LOG] Polled decorations from Supabase: [Object, Object, Object, Object, Object] null @ webpack-internal:///(app-pages-browser)/./node_modules/next/dist/next-devtools/shared/forward-logs-shared.js:44
[  208390ms] [LOG] Polled decorations from Supabase: [Object, Object, Object, Object, Object] null @ webpack-internal:///(app-pages-browser)/./node_modules/next/dist/next-devtools/shared/forward-logs-shared.js:44
[  210423ms] [LOG] Polled decorations from Supabase: [Object, Object, Object, Object, Object] null @ webpack-internal:///(app-pages-browser)/./node_modules/next/dist/next-devtools/shared/forward-logs-shared.js:44
[  212607ms] [LOG] Polled decorations from Supabase: [Object, Object, Object, Object, Object] null @ webpack-internal:///(app-pages-browser)/./node_modules/next/dist/next-devtools/shared/forward-logs-shared.js:44
[  214396ms] [LOG] Polled decorations from Supabase: [Object, Object, Object, Object, Object] null @ webpack-internal:///(app-pages-browser)/./node_modules/next/dist/next-devtools/shared/forward-logs-shared.js:44
[  216881ms] [LOG] Polled decorations from Supabase: [Object, Object, Object, Object, Object] null @ webpack-internal:///(app-pages-browser)/./node_modules/next/dist/next-devtools/shared/forward-logs-shared.js:44
[  218385ms] [LOG] Polled decorations from Supabase: [Object, Object, Object, Object, Object] null @ webpack-internal:///(app-pages-browser)/./node_modules/next/dist/next-devtools/shared/forward-logs-shared.js:44
[  220410ms] [LOG] Polled decorations from Supabase: [Object, Object, Object, Object, Object] null @ webpack-internal:///(app-pages-browser)/./node_modules/next/dist/next-devtools/shared/forward-logs-shared.js:44
[  222389ms] [LOG] Polled decorations from Supabase: [Object, Object, Object, Object, Object] null @ webpack-internal:///(app-pages-browser)/./node_modules/next/dist/next-devtools/shared/forward-logs-shared.js:44
[  224391ms] [LOG] Polled decorations from Supabase: [Object, Object, Object, Object, Object] null @ webpack-internal:///(app-pages-browser)/./node_modules/next/dist/next-devtools/shared/forward-logs-shared.js:44
[  226410ms] [LOG] Polled decorations from Supabase: [Object, Object, Object, Object, Object] null @ webpack-internal:///(app-pages-browser)/./node_modules/next/dist/next-devtools/shared/forward-logs-shared.js:44
[  228387ms] [LOG] Polled decorations from Supabase: [Object, Object, Object, Object, Object] null @ webpack-internal:///(app-pages-browser)/./node_modules/next/dist/next-devtools/shared/forward-logs-shared.js:44
[  230380ms] [LOG] Polled decorations from Supabase: [Object, Object, Object, Object, Object] null @ webpack-internal:///(app-pages-browser)/./node_modules/next/dist/next-devtools/shared/forward-logs-shared.js:44
[  232453ms] [LOG] Polled decorations from Supabase: [Object, Object, Object, Object, Object] null @ webpack-internal:///(app-pages-browser)/./node_modules/next/dist/next-devtools/shared/forward-logs-shared.js:44
[  234399ms] [LOG] Polled decorations from Supabase: [Object, Object, Object, Object, Object] null @ webpack-internal:///(app-pages-browser)/./node_modules/next/dist/next-devtools/shared/forward-logs-shared.js:44
[  236391ms] [LOG] Polled decorations from Supabase: [Object, Object, Object, Object, Object] null @ webpack-internal:///(app-pages-browser)/./node_modules/next/dist/next-devtools/shared/forward-logs-shared.js:44
[  238437ms] [LOG] Polled decorations from Supabase: [Object, Object, Object, Object, Object] null @ webpack-internal:///(app-pages-browser)/./node_modules/next/dist/next-devtools/shared/forward-logs-shared.js:44
[  240428ms] [LOG] Polled decorations from Supabase: [Object, Object, Object, Object, Object] null @ webpack-internal:///(app-pages-browser)/./node_modules/next/dist/next-devtools/shared/forward-logs-shared.js:44
[  242386ms] [LOG] Polled decorations from Supabase: [Object, Object, Object, Object, Object] null @ webpack-internal:///(app-pages-browser)/./node_modules/next/dist/next-devtools/shared/forward-logs-shared.js:44
[  244383ms] [LOG] Polled decorations from Supabase: [Object, Object, Object, Object, Object] null @ webpack-internal:///(app-pages-browser)/./node_modules/next/dist/next-devtools/shared/forward-logs-shared.js:44
[  246416ms] [LOG] Polled decorations from Supabase: [Object, Object, Object, Object, Object] null @ webpack-internal:///(app-pages-browser)/./node_modules/next/dist/next-devtools/shared/forward-logs-shared.js:44
[  248403ms] [LOG] Polled decorations from Supabase: [Object, Object, Object, Object, Object] null @ webpack-internal:///(app-pages-browser)/./node_modules/next/dist/next-devtools/shared/forward-logs-shared.js:44
[  250392ms] [LOG] Polled decorations from Supabase: [Object, Object, Object, Object, Object] null @ webpack-internal:///(app-pages-browser)/./node_modules/next/dist/next-devtools/shared/forward-logs-shared.js:44
[  252383ms] [LOG] Polled decorations from Supabase: [Object, Object, Object, Object, Object] null @ webpack-internal:///(app-pages-browser)/./node_modules/next/dist/next-devtools/shared/forward-logs-shared.js:44
[  254376ms] [LOG] Polled decorations from Supabase: [Object, Object, Object, Object, Object] null @ webpack-internal:///(app-pages-browser)/./node_modules/next/dist/next-devtools/shared/forward-logs-shared.js:44
[  256385ms] [LOG] Polled decorations from Supabase: [Object, Object, Object, Object, Object] null @ webpack-internal:///(app-pages-browser)/./node_modules/next/dist/next-devtools/shared/forward-logs-shared.js:44
[  258383ms] [LOG] Polled decorations from Supabase: [Object, Object, Object, Object, Object] null @ webpack-internal:///(app-pages-browser)/./node_modules/next/dist/next-devtools/shared/forward-logs-shared.js:44
[  260384ms] [LOG] Polled decorations from Supabase: [Object, Object, Object, Object, Object] null @ webpack-internal:///(app-pages-browser)/./node_modules/next/dist/next-devtools/shared/forward-logs-shared.js:44
[  262383ms] [LOG] Polled decorations from Supabase: [Object, Object, Object, Object, Object] null @ webpack-internal:///(app-pages-browser)/./node_modules/next/dist/next-devtools/shared/forward-logs-shared.js:44
[  264397ms] [LOG] Polled decorations from Supabase: [Object, Object, Object, Object, Object] null @ webpack-internal:///(app-pages-browser)/./node_modules/next/dist/next-devtools/shared/forward-logs-shared.js:44
[  266381ms] [LOG] Polled decorations from Supabase: [Object, Object, Object, Object, Object] null @ webpack-internal:///(app-pages-browser)/./node_modules/next/dist/next-devtools/shared/forward-logs-shared.js:44
[  268433ms] [LOG] Polled decorations from Supabase: [Object, Object, Object, Object, Object] null @ webpack-internal:///(app-pages-browser)/./node_modules/next/dist/next-devtools/shared/forward-logs-shared.js:44
[  270399ms] [LOG] [Fast Refresh] rebuilding @ webpack-internal:///(app-pages-browser)/./node_modules/next/dist/next-devtools/shared/forward-logs-shared.js:44
[  270416ms] [LOG] Polled decorations from Supabase: [Object, Object, Object, Object, Object] null @ webpack-internal:///(app-pages-browser)/./node_modules/next/dist/next-devtools/shared/forward-logs-shared.js:44
[  271324ms] [LOG] [Fast Refresh] done in 926ms @ webpack-internal:///(app-pages-browser)/./node_modules/next/dist/next-devtools/shared/forward-logs-shared.js:44
[  271326ms] [LOG] [Fast Refresh] rebuilding @ webpack-internal:///(app-pages-browser)/./node_modules/next/dist/next-devtools/shared/forward-logs-shared.js:44
[  271527ms] [LOG] [Fast Refresh] done in 201ms @ webpack-internal:///(app-pages-browser)/./node_modules/next/dist/next-devtools/shared/forward-logs-shared.js:44
[  272418ms] [LOG] Polled decorations from Supabase: [Object, Object, Object, Object, Object] null @ webpack-internal:///(app-pages-browser)/./node_modules/next/dist/next-devtools/shared/forward-logs-shared.js:44
[  274424ms] [LOG] Polled decorations from Supabase: [Object, Object, Object, Object, Object] null @ webpack-internal:///(app-pages-browser)/./node_modules/next/dist/next-devtools/shared/forward-logs-shared.js:44
[  276385ms] [LOG] Polled decorations from Supabase: [Object, Object, Object, Object, Object] null @ webpack-internal:///(app-pages-browser)/./node_modules/next/dist/next-devtools/shared/forward-logs-shared.js:44
[  278374ms] [LOG] Polled decorations from Supabase: [Object, Object, Object, Object, Object] null @ webpack-internal:///(app-pages-browser)/./node_modules/next/dist/next-devtools/shared/forward-logs-shared.js:44
[  280434ms] [LOG] Polled decorations from Supabase: [Object, Object, Object, Object, Object] null @ webpack-internal:///(app-pages-browser)/./node_modules/next/dist/next-devtools/shared/forward-logs-shared.js:44
[  282381ms] [LOG] Polled decorations from Supabase: [Object, Object, Object, Object, Object] null @ webpack-internal:///(app-pages-browser)/./node_modules/next/dist/next-devtools/shared/forward-logs-shared.js:44
[  283185ms] [LOG] [Fast Refresh] rebuilding @ webpack-internal:///(app-pages-browser)/./node_modules/next/dist/next-devtools/shared/forward-logs-shared.js:44
[  284416ms] [LOG] Polled decorations from Supabase: [Object, Object, Object, Object, Object] null @ webpack-internal:///(app-pages-browser)/./node_modules/next/dist/next-devtools/shared/forward-logs-shared.js:44
[  285567ms] [WARNING] [Fast Refresh] performing full reload

Fast Refresh will perform a full reload when you edit a file that's imported by modules outside of the React rendering tree.
You might have a file which exports a React component but also exports a value that is imported by a non-React component file.
Consider migrating the non-React component export to a separate file and importing it into both files.

It is also possible the parent component of the component you edited is a class component, which disables Fast Refresh.
Fast Refresh requires at least one parent function component in your React tree. @ webpack-internal:///(app-pages-browser)/./node_modules/next/dist/next-devtools/shared/forward-logs-shared.js:44
[  286408ms] [LOG] Polled decorations from Supabase: [Object, Object, Object, Object, Object] null @ webpack-internal:///(app-pages-browser)/./node_modules/next/dist/next-devtools/shared/forward-logs-shared.js:44
[    3240ms] [WARNING] The powerPreference option is currently ignored when calling requestAdapter() on Windows. See https://crbug.com/369219127 @ :0
[  288610ms] [WARNING] The powerPreference option is currently ignored when calling requestAdapter() on Windows. See https://crbug.com/369219127 @ :0
[  288640ms] [INFO] %cDownload the React DevTools for a better development experience: https://react.dev/link/react-devtools font-weight:bold @ webpack-internal:///(app-pages-browser)/./node_modules/next/dist/next-devtools/shared/forward-logs-shared.js:44
[  288922ms] [LOG] [HMR] connected @ webpack-internal:///(app-pages-browser)/./node_modules/next/dist/next-devtools/shared/forward-logs-shared.js:44
[  289319ms] [WARNING] Image with src "/logo.png" has either width or height modified, but not the other. If you use CSS to change the size of your image, also include the styles 'width: "auto"' or 'height: "auto"' to maintain the aspect ratio. @ webpack-internal:///(app-pages-browser)/./node_modules/next/dist/next-devtools/shared/forward-logs-shared.js:44
[  289327ms] [WARNING] Image with src "/product.png" has "fill" but is missing "sizes" prop. Please add it to improve page performance. Read more: https://nextjs.org/docs/api-reference/next/image#sizes @ webpack-internal:///(app-pages-browser)/./node_modules/next/dist/next-devtools/shared/forward-logs-shared.js:44
[  289494ms] [LOG] Polled decorations from Supabase: [Object, Object, Object, Object, Object] null @ webpack-internal:///(app-pages-browser)/./node_modules/next/dist/next-devtools/shared/forward-logs-shared.js:44
[  289520ms] [LOG] Polled decorations from Supabase: [Object, Object, Object, Object, Object] null @ webpack-internal:///(app-pages-browser)/./node_modules/next/dist/next-devtools/shared/forward-logs-shared.js:44
[  291508ms] [LOG] Polled decorations from Supabase: [Object, Object, Object, Object, Object] null @ webpack-internal:///(app-pages-browser)/./node_modules/next/dist/next-devtools/shared/forward-logs-shared.js:44
[  293512ms] [LOG] Polled decorations from Supabase: [Object, Object, Object, Object, Object] null @ webpack-internal:///(app-pages-browser)/./node_modules/next/dist/next-devtools/shared/forward-logs-shared.js:44
[  295524ms] [LOG] Polled decorations from Supabase: [Object, Object, Object, Object, Object] null @ webpack-internal:///(app-pages-browser)/./node_modules/next/dist/next-devtools/shared/forward-logs-shared.js:44
[  297583ms] [LOG] Polled decorations from Supabase: [Object, Object, Object, Object, Object] null @ webpack-internal:///(app-pages-browser)/./node_modules/next/dist/next-devtools/shared/forward-logs-shared.js:44
[  299537ms] [LOG] Polled decorations from Supabase: [Object, Object, Object, Object, Object] null @ webpack-internal:///(app-pages-browser)/./node_modules/next/dist/next-devtools/shared/forward-logs-shared.js:44
[  301500ms] [LOG] Polled decorations from Supabase: [Object, Object, Object, Object, Object] null @ webpack-internal:///(app-pages-browser)/./node_modules/next/dist/next-devtools/shared/forward-logs-shared.js:44
[  303517ms] [LOG] Polled decorations from Supabase: [Object, Object, Object, Object, Object] null @ webpack-internal:///(app-pages-browser)/./node_modules/next/dist/next-devtools/shared/forward-logs-shared.js:44
[  305523ms] [LOG] Polled decorations from Supabase: [Object, Object, Object, Object, Object] null @ webpack-internal:///(app-pages-browser)/./node_modules/next/dist/next-devtools/shared/forward-logs-shared.js:44
[  307514ms] [LOG] Polled decorations from Supabase: [Object, Object, Object, Object, Object] null @ webpack-internal:///(app-pages-browser)/./node_modules/next/dist/next-devtools/shared/forward-logs-shared.js:44
[  309549ms] [LOG] Polled decorations from Supabase: [Object, Object, Object, Object, Object] null @ webpack-internal:///(app-pages-browser)/./node_modules/next/dist/next-devtools/shared/forward-logs-shared.js:44
[  311522ms] [LOG] Polled decorations from Supabase: [Object, Object, Object, Object, Object] null @ webpack-internal:///(app-pages-browser)/./node_modules/next/dist/next-devtools/shared/forward-logs-shared.js:44
[  313555ms] [LOG] Polled decorations from Supabase: [Object, Object, Object, Object, Object] null @ webpack-internal:///(app-pages-browser)/./node_modules/next/dist/next-devtools/shared/forward-logs-shared.js:44
[  315517ms] [LOG] Polled decorations from Supabase: [Object, Object, Object, Object, Object] null @ webpack-internal:///(app-pages-browser)/./node_modules/next/dist/next-devtools/shared/forward-logs-shared.js:44
[  317500ms] [LOG] Polled decorations from Supabase: [Object, Object, Object, Object, Object] null @ webpack-internal:///(app-pages-browser)/./node_modules/next/dist/next-devtools/shared/forward-logs-shared.js:44
[  319491ms] [LOG] Polled decorations from Supabase: [Object, Object, Object, Object, Object] null @ webpack-internal:///(app-pages-browser)/./node_modules/next/dist/next-devtools/shared/forward-logs-shared.js:44
[  321536ms] [LOG] Polled decorations from Supabase: [Object, Object, Object, Object, Object] null @ webpack-internal:///(app-pages-browser)/./node_modules/next/dist/next-devtools/shared/forward-logs-shared.js:44
[  323500ms] [LOG] Polled decorations from Supabase: [Object, Object, Object, Object, Object] null @ webpack-internal:///(app-pages-browser)/./node_modules/next/dist/next-devtools/shared/forward-logs-shared.js:44
[  325571ms] [LOG] Polled decorations from Supabase: [Object, Object, Object, Object, Object] null @ webpack-internal:///(app-pages-browser)/./node_modules/next/dist/next-devtools/shared/forward-logs-shared.js:44
[  327548ms] [LOG] Polled decorations from Supabase: [Object, Object, Object, Object, Object] null @ webpack-internal:///(app-pages-browser)/./node_modules/next/dist/next-devtools/shared/forward-logs-shared.js:44
[  329507ms] [LOG] Polled decorations from Supabase: [Object, Object, Object, Object, Object] null @ webpack-internal:///(app-pages-browser)/./node_modules/next/dist/next-devtools/shared/forward-logs-shared.js:44
[  331516ms] [LOG] Polled decorations from Supabase: [Object, Object, Object, Object, Object] null @ webpack-internal:///(app-pages-browser)/./node_modules/next/dist/next-devtools/shared/forward-logs-shared.js:44
[  333504ms] [LOG] Polled decorations from Supabase: [Object, Object, Object, Object, Object] null @ webpack-internal:///(app-pages-browser)/./node_modules/next/dist/next-devtools/shared/forward-logs-shared.js:44
[  335563ms] [LOG] Polled decorations from Supabase: [Object, Object, Object, Object, Object] null @ webpack-internal:///(app-pages-browser)/./node_modules/next/dist/next-devtools/shared/forward-logs-shared.js:44
[  337509ms] [LOG] Polled decorations from Supabase: [Object, Object, Object, Object, Object] null @ webpack-internal:///(app-pages-browser)/./node_modules/next/dist/next-devtools/shared/forward-logs-shared.js:44
[  339496ms] [LOG] Polled decorations from Supabase: [Object, Object, Object, Object, Object] null @ webpack-internal:///(app-pages-browser)/./node_modules/next/dist/next-devtools/shared/forward-logs-shared.js:44
[  341495ms] [LOG] Polled decorations from Supabase: [Object, Object, Object, Object, Object] null @ webpack-internal:///(app-pages-browser)/./node_modules/next/dist/next-devtools/shared/forward-logs-shared.js:44
[  343503ms] [LOG] Polled decorations from Supabase: [Object, Object, Object, Object, Object] null @ webpack-internal:///(app-pages-browser)/./node_modules/next/dist/next-devtools/shared/forward-logs-shared.js:44
[  345493ms] [LOG] Polled decorations from Supabase: [Object, Object, Object, Object, Object] null @ webpack-internal:///(app-pages-browser)/./node_modules/next/dist/next-devtools/shared/forward-logs-shared.js:44
[  347489ms] [LOG] Polled decorations from Supabase: [Object, Object, Object, Object, Object] null @ webpack-internal:///(app-pages-browser)/./node_modules/next/dist/next-devtools/shared/forward-logs-shared.js:44
[  349573ms] [LOG] Polled decorations from Supabase: [Object, Object, Object, Object, Object] null @ webpack-internal:///(app-pages-browser)/./node_modules/next/dist/next-devtools/shared/forward-logs-shared.js:44
[  351491ms] [LOG] Polled decorations from Supabase: [Object, Object, Object, Object, Object] null @ webpack-internal:///(app-pages-browser)/./node_modules/next/dist/next-devtools/shared/forward-logs-shared.js:44
